// Jest Snapshot v1, https://goo.gl/fbAQLP

exports[`pages/members/list/components/table specs should render the component as expected when passing required properties 1`] = `
<table
  className="table table-striped"
>
  <Component />
  <Body
    members={
      Array [
        Object {
          "avatarUrl": "http://fake-server-url/member/avatar/url/1",
          "id": 1,
          "name": "Login 1",
        },
      ]
    }
  />
</table>
`;
